Microsoft (R) Macro Assembler Version 5.00                  9/4/24 21:10:21
                                                             Page     1-1


       1 0000				data segment 
       2 0000  0001			a  dw    1 
       3 0002  0001			b  dw    1 
       4 0004  0001			c  dw    1 
       5 0006  0020[			PRINT_BUF DB ' ' DUP(10) 
       6	   0A			
       7			 ]	
       8				
       9 0026  24			BUFEND    DB '$' 
      10 0027				data ends 
      11 0000				stk segment stack 
      12 0000  0100[			db 256 dup ("?") 
      13	   3F			
      14			 ]	
      15				
      16 0100				stk ends 
      17 0000				code segment 
      18				assume cs:code,ds:data,ss:stk 
      19 0000				main proc 
      20 0000  B8 ---- R		mov ax,data 
      21 0003  8E D8			mov ds,ax 
      22 0005  B8 0007			mov ax, 7 
      23 0008  50			push ax 
      24 0009  58			pop ax 
      25 000A  A3 0000 R		mov a, ax 
      26 000D  B8 0004			mov ax, 4 
      27 0010  50			push ax 
      28 0011  58			pop ax 
      29 0012  A3 0002 R		mov b, ax 
      30 0015  A1 0000 R		mov ax, a 
      31 0018  50			push ax 
      32 0019  A1 0000 R		mov ax, a 
      33 001C  50			push ax 
      34 001D  5B			pop bx 
      35 001E  58			pop ax 
      36 001F  F7 E3			mul bx 
      37 0021  50			push ax 
      38 0022  B8 0007			mov ax, 7 
      39 0025  50			push ax 
      40 0026  A1 0002 R		mov ax, b 
      41 0029  50			push ax 
      42 002A  5B			pop bx 
      43 002B  58			pop ax 
      44 002C  F7 E3			mul bx 
      45 002E  50			push ax 
      46 002F  5B			pop bx 
      47 0030  58			pop ax 
      48 0031  2B C3			sub ax, bx 
      49 0033  50			push ax 
      50 0034  58			pop ax 
      51 0035  A3 0000 R		mov a, ax 
      52 0038  A1 0000 R		mov ax, a 
      53 003B  50			push ax 
      54 003C  A1 0002 R		mov ax, b 
Microsoft (R) Macro Assembler Version 5.00                  9/4/24 21:10:21
                                                             Page     1-2


      55 003F  50			push ax 
      56 0040  5B			pop bx 
      57 0041  58			pop ax 
      58 0042  2B C3			sub ax, bx 
      59 0044  50			push ax 
      60 0045  A1 0000 R		mov ax, a 
      61 0048  50			push ax 
      62 0049  5B			pop bx 
      63 004A  58			pop ax 
      64 004B  F7 E3			mul bx 
      65 004D  50			push ax 
      66 004E  A1 0002 R		mov ax, b 
      67 0051  50			push ax 
      68 0052  5B			pop bx 
      69 0053  58			pop ax 
      70 0054  03 C3			add ax, bx 
      71 0056  50			push ax 
      72 0057  58			pop ax 
      73 0058  A3 0004 R		mov c, ax 
      74 005B  50			push ax 
      75 005C  A1 0004 R		mov ax, c 
      76 005F  E8 0068 R		CALL PRINT 
      77 0062  58			pop ax 
      78 0063  B8 4C00			mov ax,4c00h 
      79 0066  CD 21			int 21h 
      80 0068				main endp 
      81 0068				PRINT PROC NEAR 
      82 0068  B9 000A			MOV   CX, 10 
      83 006B  BF 0020			MOV   DI, BUFEND - PRINT_BUF 
      84 006E				PRINT_LOOP: 
      85 006E  BA 0000			MOV   DX, 0 
      86 0071  F7 F1			DIV   CX 
      87 0073  80 C2 30			ADD   DL, '0' 
      88 0076  88 95 0005 R		MOV   [PRINT_BUF + DI - 1], DL 
      89 007A  4F			DEC   DI 
      90 007B  3C 00			CMP   AL, 0 
      91 007D  75 EF			JNE   PRINT_LOOP 
      92 007F  8D 16 0006 R		LEA   DX, PRINT_BUF 
      93 0083  03 D7			ADD   DX, DI 
      94 0085  B4 09			MOV   AH, 09H 
      95 0087  CD 21			INT   21H 
      96 0089  C3			RET 
      97 008A				PRINT ENDP 
      98 008A				code ends 
      99				end main 
Microsoft (R) Macro Assembler Version 5.00                  9/4/24 21:10:21
                                                             Symbols-1


Segments and Groups:

                N a m e         	Length	 Align	Combine Class

CODE . . . . . . . . . . . . . .  	008A	PARA	NONE	
DATA . . . . . . . . . . . . . .  	0027	PARA	NONE	
STK  . . . . . . . . . . . . . .  	0100	PARA	STACK	

Symbols:            

                N a m e         	Type	 Value	 Attr

A  . . . . . . . . . . . . . . .  	L WORD	0000	DATA

B  . . . . . . . . . . . . . . .  	L WORD	0002	DATA
BUFEND . . . . . . . . . . . . .  	L BYTE	0026	DATA

C  . . . . . . . . . . . . . . .  	L WORD	0004	DATA

MAIN . . . . . . . . . . . . . .  	N PROC	0000	CODE	Length = 0068

PRINT  . . . . . . . . . . . . .  	N PROC	0068	CODE	Length = 0022
PRINT_BUF  . . . . . . . . . . .  	L BYTE	0006	DATA	Length = 0020
PRINT_LOOP . . . . . . . . . . .  	L NEAR	006E	CODE

@FILENAME  . . . . . . . . . . .  	TEXT  test		


     93 Source  Lines
     93 Total   Lines
     13 Symbols

  50560 + 465984 Bytes symbol space free

      0 Warning Errors
      0 Severe  Errors
