Microsoft (R) Macro Assembler Version 5.00                  12/10/24 20:52:02
                                                             Page     1-1


       1 0000				data segment 
       2 0000  0000			g  dw    0 
       3 0002  0000			z  dw    0 
       4 0004  0000			v  dw    0 
       5 0006  0000			k  dw    0 
       6 0008  0020[			PRINT_BUF DB ' ' DUP(10) 
       7	   0A			
       8			 ]	
       9				
      10 0028  24			BUFEND    DB '$' 
      11 0029				data ends 
      12 0000				stk segment stack 
      13 0000  0100[			db 256 dup ("?") 
      14	   3F			
      15			 ]	
      16				
      17 0100				stk ends 
      18 0000				code segment 
      19				assume cs:code,ds:data,ss:stk 
      20 0000				main proc 
      21 0000  B8 ---- R		mov ax,data 
      22 0003  8E D8			mov ds,ax 
      23 0005  B8 0000			mov ax, 0 
      24 0008  50			push ax 
      25 0009  58			pop ax 
      26 000A  A3 0002 R		mov z, ax 
      27 000D  B8 0000			mov ax, 0 
      28 0010  50			push ax 
      29 0011  58			pop ax 
      30 0012  A3 0004 R		mov v, ax 
      31 0015  A1 0002 R		mov ax, z 
      32 0018  50			push ax 
      33 0019  A1 0004 R		mov ax, v 
      34 001C  50			push ax 
      35 001D  58			pop ax 
      36 001E  5B			pop bx 
      37 001F  33 C3			xor ax, bx 
      38 0021  50			push ax 
      39 0022  3D 0001			cmp ax, 1 
      40 0025  75 00			jnz  
Code.asm(34): warning A4101: Missing data; zero assumed
      41 0027  EB 01 90			jmp label1 
      42 002A				label1: 
      43 002A  58			pop ax 
      44 002B  F7 D0			not ax 
      45 002D  25 0001			and ax, 1 
      46 0030  50			push ax 
      47 0031  58			pop ax 
      48 0032  A3 0006 R		mov k, ax 
      49 0035  50			push ax 
      50 0036  A1 0006 R		mov ax, k 
      51 0039  E8 0042 R		CALL PRINT 
      52 003C  58			pop ax 
      53 003D  B8 4C00			mov ax,4c00h 
Microsoft (R) Macro Assembler Version 5.00                  12/10/24 20:52:02
                                                             Page     1-2


      54 0040  CD 21			int 21h 
      55 0042				main endp 
      56 0042				PRINT PROC NEAR 
      57 0042  B9 000A			MOV   CX, 10 
      58 0045  BF 0020			MOV   DI, BUFEND - PRINT_BUF 
      59 0048				PRINT_LOOP: 
      60 0048  BA 0000			MOV   DX, 0 
      61 004B  F7 F1			DIV   CX 
      62 004D  80 C2 30			ADD   DL, '0' 
      63 0050  88 95 0007 R		MOV   [PRINT_BUF + DI - 1], DL 
      64 0054  4F			DEC   DI 
      65 0055  3C 00			CMP   AL, 0 
      66 0057  75 EF			JNE   PRINT_LOOP 
      67 0059  8D 16 0008 R		LEA   DX, PRINT_BUF 
      68 005D  03 D7			ADD   DX, DI 
      69 005F  B4 09			MOV   AH, 09H 
      70 0061  CD 21			INT   21H 
      71 0063  C3			RET 
      72 0064				PRINT ENDP 
      73 0064				code ends 
      74				end main 
Microsoft (R) Macro Assembler Version 5.00                  12/10/24 20:52:02
                                                             Symbols-1


Segments and Groups:

                N a m e         	Length	 Align	Combine Class

CODE . . . . . . . . . . . . . .  	0064	PARA	NONE	
DATA . . . . . . . . . . . . . .  	0029	PARA	NONE	
STK  . . . . . . . . . . . . . .  	0100	PARA	STACK	

Symbols:            

                N a m e         	Type	 Value	 Attr

BUFEND . . . . . . . . . . . . .  	L BYTE	0028	DATA

G  . . . . . . . . . . . . . . .  	L WORD	0000	DATA

K  . . . . . . . . . . . . . . .  	L WORD	0006	DATA

LABEL1 . . . . . . . . . . . . .  	L NEAR	002A	CODE

MAIN . . . . . . . . . . . . . .  	N PROC	0000	CODE	Length = 0042

PRINT  . . . . . . . . . . . . .  	N PROC	0042	CODE	Length = 0022
PRINT_BUF  . . . . . . . . . . .  	L BYTE	0008	DATA	Length = 0020
PRINT_LOOP . . . . . . . . . . .  	L NEAR	0048	CODE

V  . . . . . . . . . . . . . . .  	L WORD	0004	DATA

Z  . . . . . . . . . . . . . . .  	L WORD	0002	DATA

@FILENAME  . . . . . . . . . . .  	TEXT  Code		


     68 Source  Lines
     68 Total   Lines
     15 Symbols

  50560 + 465984 Bytes symbol space free

      1 Warning Errors
      0 Severe  Errors
